<?xml version="1.0" encoding="utf-8"?><testsuites name="pytest tests"><testsuite name="pytest" errors="0" failures="0" skipped="0" tests="0" time="0.008" timestamp="2026-03-10T13:53:34.900863-04:00" hostname="LAPTOP-TIEMF1TR" /></testsuites>